# file opened: A:\Todo\Git\Tetris\Tetris-Z80\.vscode\tasks.json
A:\Todo\Git\Tetris\Tetris-Z80\.vscode\tasks.json(1): error: Invalid labelname: {
 1    0000              {
A:\Todo\Git\Tetris\Tetris-Z80\.vscode\tasks.json(2): error: Unrecognized instruction: "version"
A:\Todo\Git\Tetris\Tetris-Z80\.vscode\tasks.json(2): error: Unexpected: "version"
 2    0000                  "version"
A:\Todo\Git\Tetris\Tetris-Z80\.vscode\tasks.json(2): error: Unrecognized instruction: "2.0.0",
A:\Todo\Git\Tetris\Tetris-Z80\.vscode\tasks.json(2): error: Unexpected: "2.0.0",
 2    0000                "2.0.0",
A:\Todo\Git\Tetris\Tetris-Z80\.vscode\tasks.json(3): error: Unrecognized instruction: "tasks"
A:\Todo\Git\Tetris\Tetris-Z80\.vscode\tasks.json(3): error: Unexpected: "tasks"
 3    0000                  "tasks"
A:\Todo\Git\Tetris\Tetris-Z80\.vscode\tasks.json(3): error: Unrecognized instruction: [
A:\Todo\Git\Tetris\Tetris-Z80\.vscode\tasks.json(3): error: Unexpected: [
 3    0000                [
A:\Todo\Git\Tetris\Tetris-Z80\.vscode\tasks.json(4): error: Unrecognized instruction: {
A:\Todo\Git\Tetris\Tetris-Z80\.vscode\tasks.json(4): error: Unexpected: {
 4    0000                              {
A:\Todo\Git\Tetris\Tetris-Z80\.vscode\tasks.json(5): error: Unrecognized instruction: "label"
A:\Todo\Git\Tetris\Tetris-Z80\.vscode\tasks.json(5): error: Unexpected: "label"
 5    0000                          "label"
A:\Todo\Git\Tetris\Tetris-Z80\.vscode\tasks.json(5): error: Unrecognized instruction: "sjasmplus",
A:\Todo\Git\Tetris\Tetris-Z80\.vscode\tasks.json(5): error: Unexpected: "sjasmplus",
 5    0000                "sjasmplus",
A:\Todo\Git\Tetris\Tetris-Z80\.vscode\tasks.json(6): error: Unrecognized instruction: "type"
A:\Todo\Git\Tetris\Tetris-Z80\.vscode\tasks.json(6): error: Unexpected: "type"
 6    0000                          "type"
A:\Todo\Git\Tetris\Tetris-Z80\.vscode\tasks.json(6): error: Unrecognized instruction: "shell",
A:\Todo\Git\Tetris\Tetris-Z80\.vscode\tasks.json(6): error: Unexpected: "shell",
 6    0000                "shell",
A:\Todo\Git\Tetris\Tetris-Z80\.vscode\tasks.json(7): error: Unrecognized instruction: "command"
A:\Todo\Git\Tetris\Tetris-Z80\.vscode\tasks.json(7): error: Unexpected: "command"
 7    0000                          "command"
A:\Todo\Git\Tetris\Tetris-Z80\.vscode\tasks.json(7): error: Unrecognized instruction: "./sjasmplus118",
A:\Todo\Git\Tetris\Tetris-Z80\.vscode\tasks.json(7): error: Unexpected: "./sjasmplus118",
 7    0000                "./sjasmplus118",
A:\Todo\Git\Tetris\Tetris-Z80\.vscode\tasks.json(8): error: Unrecognized instruction: "args"
A:\Todo\Git\Tetris\Tetris-Z80\.vscode\tasks.json(8): error: Unexpected: "args"
 8    0000                          "args"
A:\Todo\Git\Tetris\Tetris-Z80\.vscode\tasks.json(8): error: Unrecognized instruction: [
A:\Todo\Git\Tetris\Tetris-Z80\.vscode\tasks.json(8): error: Unexpected: [
 8    0000                [
A:\Todo\Git\Tetris\Tetris-Z80\.vscode\tasks.json(9): error: Unrecognized instruction: "--lst=${fileDirname}/${fileBasenameNoExtension}.lst",
A:\Todo\Git\Tetris\Tetris-Z80\.vscode\tasks.json(9): error: Unexpected: "--lst=${fileDirname}/${fileBasenameNoExtension}.lst",
 9    0000                              "--lst=${fileDirname}/${fileBasenameNoExtension}.lst",
A:\Todo\Git\Tetris\Tetris-Z80\.vscode\tasks.json(10): error: Unrecognized instruction: "--lstlab",
A:\Todo\Git\Tetris\Tetris-Z80\.vscode\tasks.json(10): error: Unexpected: "--lstlab",
10    0000                              "--lstlab",
A:\Todo\Git\Tetris\Tetris-Z80\.vscode\tasks.json(11): error: Unrecognized instruction: "--sld=${fileDirname}/${fileBasenameNoExtension}.sld",
A:\Todo\Git\Tetris\Tetris-Z80\.vscode\tasks.json(11): error: Unexpected: "--sld=${fileDirname}/${fileBasenameNoExtension}.sld",
11    0000                              "--sld=${fileDirname}/${fileBasenameNoExtension}.sld",
A:\Todo\Git\Tetris\Tetris-Z80\.vscode\tasks.json(12): error: Unrecognized instruction: "--raw=${fileDirname}/${fileBasenameNoExtension}.bin",
A:\Todo\Git\Tetris\Tetris-Z80\.vscode\tasks.json(12): error: Unexpected: "--raw=${fileDirname}/${fileBasenameNoExtension}.bin",
12    0000                              "--raw=${fileDirname}/${fileBasenameNoExtension}.bin",
A:\Todo\Git\Tetris\Tetris-Z80\.vscode\tasks.json(13): error: Unrecognized instruction: "--fullpath",
A:\Todo\Git\Tetris\Tetris-Z80\.vscode\tasks.json(13): error: Unexpected: "--fullpath",
13    0000                              "--fullpath",
A:\Todo\Git\Tetris\Tetris-Z80\.vscode\tasks.json(14): error: Unrecognized instruction: "${file}"
A:\Todo\Git\Tetris\Tetris-Z80\.vscode\tasks.json(14): error: Unexpected: "${file}"
14    0000                              "${file}"
A:\Todo\Git\Tetris\Tetris-Z80\.vscode\tasks.json(15): error: Unrecognized instruction: ],
A:\Todo\Git\Tetris\Tetris-Z80\.vscode\tasks.json(15): error: Unexpected: ],
15    0000                          ],
A:\Todo\Git\Tetris\Tetris-Z80\.vscode\tasks.json(16): error: Unrecognized instruction: "group"
A:\Todo\Git\Tetris\Tetris-Z80\.vscode\tasks.json(16): error: Unexpected: "group"
16    0000                          "group"
A:\Todo\Git\Tetris\Tetris-Z80\.vscode\tasks.json(16): error: Unrecognized instruction: {
A:\Todo\Git\Tetris\Tetris-Z80\.vscode\tasks.json(16): error: Unexpected: {
16    0000                {
A:\Todo\Git\Tetris\Tetris-Z80\.vscode\tasks.json(17): error: Unrecognized instruction: "kind"
A:\Todo\Git\Tetris\Tetris-Z80\.vscode\tasks.json(17): error: Unexpected: "kind"
17    0000                              "kind"
A:\Todo\Git\Tetris\Tetris-Z80\.vscode\tasks.json(17): error: Unrecognized instruction: "build",
A:\Todo\Git\Tetris\Tetris-Z80\.vscode\tasks.json(17): error: Unexpected: "build",
17    0000                "build",
A:\Todo\Git\Tetris\Tetris-Z80\.vscode\tasks.json(18): error: Unrecognized instruction: "isDefault"
A:\Todo\Git\Tetris\Tetris-Z80\.vscode\tasks.json(18): error: Unexpected: "isDefault"
18    0000                              "isDefault"
A:\Todo\Git\Tetris\Tetris-Z80\.vscode\tasks.json(18): error: Unrecognized instruction: true
18    0000                true
A:\Todo\Git\Tetris\Tetris-Z80\.vscode\tasks.json(19): error: Unrecognized instruction: }
A:\Todo\Git\Tetris\Tetris-Z80\.vscode\tasks.json(19): error: Unexpected: }
19    0000                          }
A:\Todo\Git\Tetris\Tetris-Z80\.vscode\tasks.json(20): error: Unrecognized instruction: }
A:\Todo\Git\Tetris\Tetris-Z80\.vscode\tasks.json(20): error: Unexpected: }
20    0000                      }
A:\Todo\Git\Tetris\Tetris-Z80\.vscode\tasks.json(21): error: Unrecognized instruction: ]
A:\Todo\Git\Tetris\Tetris-Z80\.vscode\tasks.json(21): error: Unexpected: ]
21    0000                  ]
A:\Todo\Git\Tetris\Tetris-Z80\.vscode\tasks.json(22): error: Invalid labelname: }
22    0000              }
23    0000
# file closed: A:\Todo\Git\Tetris\Tetris-Z80\.vscode\tasks.json

Value    Label
------ - -----------------------------------------------------------
